00000010101000111000
00000000011000001000
00000000001111010010
00000000100100100101
11111011110000101101
