10101010101010101101010101
00011110000000101011110000
00011100000111010001111100
00001101111001110010001111
10011101111000001010000100